<!doctype html>
<html lang="en">
  <head>
    <meta charset="utf-8" />
    <meta name="viewport" content="width=device-width, initial-scale=1" />
    <title>signup</title>
    <link rel="stylesheet" href="styles.css" />
  </head>
  <body>
    <main class="container">
          <h1 class="text">signup</h1>
          <p class="text">Email</p>
          <label class="label"></label>
          <input class="input" type="text" placeholder="email"/>
          <p class="text">Password</p>
          <label class="label"></label>
          <input class="input" type="password" placeholder="password"/>
          <button class="btn primary">Continue</button>
          <img class="image" src="" alt="image_img_box" />
          <p class="text">Â© Piyush 2025</p>
    </main>
    <script src="app.js"></script>
  </body>
</html>